<?xml version="1.0" encoding="ISO-8859-1" ?>
<link_info>
   <banner>TI ARM Linker PC v20.2.1.LTS</banner>
   <copyright>Copyright (c) 1996-2018 Texas Instruments Incorporated</copyright>
   <link_time>0x5fe29806</link_time>
   <link_errors>0x0</link_errors>
   <output_file>ServoController.out</output_file>
   <entry_point>
      <name>_c_int00_noinit_noargs</name>
      <address>0xd35</address>
   </entry_point>
   <input_file_list>
      <input_file id="fl-2">
         <path>.\</path>
         <kind>object</kind>
         <file>main.obj</file>
         <name>main.obj</name>
      </input_file>
      <input_file id="fl-3">
         <path>.\MIL\</path>
         <kind>object</kind>
         <file>MIL_CAN.obj</file>
         <name>MIL_CAN.obj</name>
      </input_file>
      <input_file id="fl-4">
         <path>.\MIL\</path>
         <kind>object</kind>
         <file>MIL_CLK.obj</file>
         <name>MIL_CLK.obj</name>
      </input_file>
      <input_file id="fl-5">
         <path>.\MIL\</path>
         <kind>object</kind>
         <file>MIL_SPI.obj</file>
         <name>MIL_SPI.obj</name>
      </input_file>
      <input_file id="fl-9">
         <kind>object</kind>
         <file>&lt;internal&gt;</file>
         <name>&lt;internal&gt;</name>
      </input_file>
      <input_file id="fl-a">
         <path>C:\ti\TivaWare_C_Series-2.2.0.295\driverlib\ccs\Debug\</path>
         <kind>archive</kind>
         <file>driverlib.lib</file>
         <name>can.obj</name>
      </input_file>
      <input_file id="fl-b">
         <path>C:\ti\TivaWare_C_Series-2.2.0.295\driverlib\ccs\Debug\</path>
         <kind>archive</kind>
         <file>driverlib.lib</file>
         <name>gpio.obj</name>
      </input_file>
      <input_file id="fl-c">
         <path>C:\ti\TivaWare_C_Series-2.2.0.295\driverlib\ccs\Debug\</path>
         <kind>archive</kind>
         <file>driverlib.lib</file>
         <name>interrupt.obj</name>
      </input_file>
      <input_file id="fl-d">
         <path>C:\ti\TivaWare_C_Series-2.2.0.295\driverlib\ccs\Debug\</path>
         <kind>archive</kind>
         <file>driverlib.lib</file>
         <name>pwm.obj</name>
      </input_file>
      <input_file id="fl-e">
         <path>C:\ti\TivaWare_C_Series-2.2.0.295\driverlib\ccs\Debug\</path>
         <kind>archive</kind>
         <file>driverlib.lib</file>
         <name>ssi.obj</name>
      </input_file>
      <input_file id="fl-f">
         <path>C:\ti\TivaWare_C_Series-2.2.0.295\driverlib\ccs\Debug\</path>
         <kind>archive</kind>
         <file>driverlib.lib</file>
         <name>sysctl.obj</name>
      </input_file>
      <input_file id="fl-10">
         <path>C:\ti\TivaWare_C_Series-2.2.0.295\driverlib\ccs\Debug\</path>
         <kind>archive</kind>
         <file>driverlib.lib</file>
         <name>cpu.obj</name>
      </input_file>
      <input_file id="fl-c6">
         <path>C:\ti\ccs1011\ccs\tools\compiler\ti-cgt-arm_20.2.1.LTS\lib\</path>
         <kind>archive</kind>
         <file>rtsv7M4_T_le_v4SPD16_eabi.lib</file>
         <name>copy_zero_init.c.obj</name>
      </input_file>
      <input_file id="fl-c7">
         <path>C:\ti\ccs1011\ccs\tools\compiler\ti-cgt-arm_20.2.1.LTS\lib\</path>
         <kind>archive</kind>
         <file>rtsv7M4_T_le_v4SPD16_eabi.lib</file>
         <name>copy_decompress_none.c.obj</name>
      </input_file>
      <input_file id="fl-c8">
         <path>C:\ti\ccs1011\ccs\tools\compiler\ti-cgt-arm_20.2.1.LTS\lib\</path>
         <kind>archive</kind>
         <file>rtsv7M4_T_le_v4SPD16_eabi.lib</file>
         <name>copy_decompress_lzss.c.obj</name>
      </input_file>
      <input_file id="fl-c9">
         <path>C:\ti\ccs1011\ccs\tools\compiler\ti-cgt-arm_20.2.1.LTS\lib\</path>
         <kind>archive</kind>
         <file>rtsv7M4_T_le_v4SPD16_eabi.lib</file>
         <name>boot_cortex_m.c.obj</name>
      </input_file>
      <input_file id="fl-ca">
         <path>C:\ti\ccs1011\ccs\tools\compiler\ti-cgt-arm_20.2.1.LTS\lib\</path>
         <kind>archive</kind>
         <file>rtsv7M4_T_le_v4SPD16_eabi.lib</file>
         <name>memset_t2.asm.obj</name>
      </input_file>
      <input_file id="fl-cb">
         <path>C:\ti\ccs1011\ccs\tools\compiler\ti-cgt-arm_20.2.1.LTS\lib\</path>
         <kind>archive</kind>
         <file>rtsv7M4_T_le_v4SPD16_eabi.lib</file>
         <name>memcpy_t2.asm.obj</name>
      </input_file>
      <input_file id="fl-cc">
         <path>C:\ti\ccs1011\ccs\tools\compiler\ti-cgt-arm_20.2.1.LTS\lib\</path>
         <kind>archive</kind>
         <file>rtsv7M4_T_le_v4SPD16_eabi.lib</file>
         <name>autoinit.c.obj</name>
      </input_file>
      <input_file id="fl-cd">
         <path>C:\ti\ccs1011\ccs\tools\compiler\ti-cgt-arm_20.2.1.LTS\lib\</path>
         <kind>archive</kind>
         <file>rtsv7M4_T_le_v4SPD16_eabi.lib</file>
         <name>pre_init.c.obj</name>
      </input_file>
      <input_file id="fl-ce">
         <path>C:\ti\ccs1011\ccs\tools\compiler\ti-cgt-arm_20.2.1.LTS\lib\</path>
         <kind>archive</kind>
         <file>rtsv7M4_T_le_v4SPD16_eabi.lib</file>
         <name>cpy_tbl.c.obj</name>
      </input_file>
      <input_file id="fl-cf">
         <path>C:\ti\ccs1011\ccs\tools\compiler\ti-cgt-arm_20.2.1.LTS\lib\</path>
         <kind>archive</kind>
         <file>rtsv7M4_T_le_v4SPD16_eabi.lib</file>
         <name>exit.c.obj</name>
      </input_file>
      <input_file id="fl-d0">
         <path>C:\ti\ccs1011\ccs\tools\compiler\ti-cgt-arm_20.2.1.LTS\lib\</path>
         <kind>archive</kind>
         <file>rtsv7M4_T_le_v4SPD16_eabi.lib</file>
         <name>_lock.c.obj</name>
      </input_file>
      <input_file id="fl-d1">
         <path>C:\ti\ccs1011\ccs\tools\compiler\ti-cgt-arm_20.2.1.LTS\lib\</path>
         <kind>archive</kind>
         <file>rtsv7M4_T_le_v4SPD16_eabi.lib</file>
         <name>args_main.c.obj</name>
      </input_file>
   </input_file_list>
   <object_component_list>
      <object_component id="oc-121">
         <name>.text:SysCtlClockFreqSet</name>
         <load_address>0x20</load_address>
         <run_address>0x20</run_address>
         <size>0x200</size>
         <input_file_ref idref="fl-f"/>
      </object_component>
      <object_component id="oc-a9">
         <name>.text:MIL_SPI_Init</name>
         <load_address>0x220</load_address>
         <run_address>0x220</run_address>
         <size>0x1b0</size>
         <input_file_ref idref="fl-5"/>
      </object_component>
      <object_component id="oc-206">
         <name>.text:GPIOPadConfigSet</name>
         <load_address>0x3d0</load_address>
         <run_address>0x3d0</run_address>
         <size>0x16c</size>
         <input_file_ref idref="fl-b"/>
      </object_component>
      <object_component id="oc-15a">
         <name>.text:CANMessageSet</name>
         <load_address>0x53c</load_address>
         <run_address>0x53c</run_address>
         <size>0x130</size>
         <input_file_ref idref="fl-a"/>
      </object_component>
      <object_component id="oc-146">
         <name>.text:SysCtlClockGet</name>
         <load_address>0x66c</load_address>
         <run_address>0x66c</run_address>
         <size>0x118</size>
         <input_file_ref idref="fl-f"/>
      </object_component>
      <object_component id="oc-1af">
         <name>.text:CANMessageGet</name>
         <load_address>0x784</load_address>
         <run_address>0x784</run_address>
         <size>0x116</size>
         <input_file_ref idref="fl-a"/>
      </object_component>
      <object_component id="oc-9d">
         <name>.text:MIL_InitCAN</name>
         <load_address>0x89c</load_address>
         <run_address>0x89c</run_address>
         <size>0xd0</size>
         <input_file_ref idref="fl-3"/>
      </object_component>
      <object_component id="oc-75">
         <name>.text:main</name>
         <load_address>0x96c</load_address>
         <run_address>0x96c</run_address>
         <size>0x9c</size>
         <input_file_ref idref="fl-2"/>
      </object_component>
      <object_component id="oc-af">
         <name>.text:PWM_Init</name>
         <load_address>0xa08</load_address>
         <run_address>0xa08</run_address>
         <size>0x78</size>
         <input_file_ref idref="fl-2"/>
      </object_component>
      <object_component id="oc-14c">
         <name>.text:CANBitRateSet</name>
         <load_address>0xa80</load_address>
         <run_address>0xa80</run_address>
         <size>0x6c</size>
         <input_file_ref idref="fl-a"/>
      </object_component>
      <object_component id="oc-128">
         <name>.text:GPIOPinConfigure</name>
         <load_address>0xaec</load_address>
         <run_address>0xaec</run_address>
         <size>0x4c</size>
         <input_file_ref idref="fl-b"/>
      </object_component>
      <object_component id="oc-1ea">
         <name>.text:_SysCtlFrequencyGet</name>
         <load_address>0xb38</load_address>
         <run_address>0xb38</run_address>
         <size>0x48</size>
         <input_file_ref idref="fl-f"/>
      </object_component>
      <object_component id="oc-1a8">
         <name>.text:CANStatusGet</name>
         <load_address>0xb80</load_address>
         <run_address>0xb80</run_address>
         <size>0x40</size>
         <input_file_ref idref="fl-a"/>
      </object_component>
      <object_component id="oc-b5">
         <name>.text:MIL_SPIDataPut</name>
         <load_address>0xbc0</load_address>
         <run_address>0xbc0</run_address>
         <size>0x3c</size>
         <input_file_ref idref="fl-5"/>
      </object_component>
      <object_component id="oc-167">
         <name>.text:SSIConfigSetExpClk</name>
         <load_address>0xbfc</load_address>
         <run_address>0xbfc</run_address>
         <size>0x3c</size>
         <input_file_ref idref="fl-e"/>
      </object_component>
      <object_component id="oc-13a">
         <name>.text:CANInit</name>
         <load_address>0xc38</load_address>
         <run_address>0xc38</run_address>
         <size>0x3a</size>
         <input_file_ref idref="fl-a"/>
      </object_component>
      <object_component id="oc-134">
         <name>.text:SysCtlPeripheralEnable</name>
         <load_address>0xc74</load_address>
         <run_address>0xc74</run_address>
         <size>0x34</size>
         <input_file_ref idref="fl-f"/>
      </object_component>
      <object_component id="oc-c7">
         <name>.text:MIL_CAN_GetMail</name>
         <load_address>0xca8</load_address>
         <run_address>0xca8</run_address>
         <size>0x30</size>
         <input_file_ref idref="fl-3"/>
      </object_component>
      <object_component id="oc-a3">
         <name>.text:MIL_InitMailBox</name>
         <load_address>0xcd8</load_address>
         <run_address>0xcd8</run_address>
         <size>0x30</size>
         <input_file_ref idref="fl-3"/>
      </object_component>
      <object_component id="oc-200">
         <name>.text:GPIODirModeSet</name>
         <load_address>0xd08</load_address>
         <run_address>0xd08</run_address>
         <size>0x2c</size>
         <input_file_ref idref="fl-b"/>
      </object_component>
      <object_component id="oc-3a">
         <name>.text:_c_int00_noinit_noargs:_c_int00_noinit_noargs</name>
         <load_address>0xd34</load_address>
         <run_address>0xd34</run_address>
         <size>0x2c</size>
         <input_file_ref idref="fl-c9"/>
      </object_component>
      <object_component id="oc-243">
         <name>.text:_CANDataRegRead</name>
         <load_address>0xd60</load_address>
         <run_address>0xd60</run_address>
         <size>0x2a</size>
         <input_file_ref idref="fl-a"/>
      </object_component>
      <object_component id="oc-21e">
         <name>.text:_CANDataRegWrite</name>
         <load_address>0xd8a</load_address>
         <run_address>0xd8a</run_address>
         <size>0x24</size>
         <input_file_ref idref="fl-a"/>
      </object_component>
      <object_component id="oc-c1">
         <name>.text:MIL_CAN_CheckMail</name>
         <load_address>0xdae</load_address>
         <run_address>0xdae</run_address>
         <size>0x22</size>
         <input_file_ref idref="fl-3"/>
      </object_component>
      <object_component id="oc-181">
         <name>.text:PWMGenConfigure</name>
         <load_address>0xdd0</load_address>
         <run_address>0xdd0</run_address>
         <size>0x22</size>
         <input_file_ref idref="fl-d"/>
      </object_component>
      <object_component id="oc-1e4">
         <name>.text:_SysCtlMemTimingGet</name>
         <load_address>0xdf4</load_address>
         <run_address>0xdf4</run_address>
         <size>0x20</size>
         <input_file_ref idref="fl-f"/>
      </object_component>
      <object_component id="oc-cd">
         <name>.text:PWMPulseWidthSet</name>
         <load_address>0xe14</load_address>
         <run_address>0xe14</run_address>
         <size>0x1e</size>
         <input_file_ref idref="fl-d"/>
      </object_component>
      <object_component id="oc-12e">
         <name>.text:GPIOPinTypeCAN</name>
         <load_address>0xe32</load_address>
         <run_address>0xe32</run_address>
         <size>0x16</size>
         <input_file_ref idref="fl-b"/>
      </object_component>
      <object_component id="oc-17b">
         <name>.text:GPIOPinTypePWM</name>
         <load_address>0xe48</load_address>
         <run_address>0xe48</run_address>
         <size>0x16</size>
         <input_file_ref idref="fl-b"/>
      </object_component>
      <object_component id="oc-161">
         <name>.text:GPIOPinTypeSSI</name>
         <load_address>0xe5e</load_address>
         <run_address>0xe5e</run_address>
         <size>0x16</size>
         <input_file_ref idref="fl-b"/>
      </object_component>
      <object_component id="oc-175">
         <name>.text:SysCtlPWMClockSet</name>
         <load_address>0xe74</load_address>
         <run_address>0xe74</run_address>
         <size>0x14</size>
         <input_file_ref idref="fl-f"/>
      </object_component>
      <object_component id="oc-140">
         <name>.text:CANRetrySet</name>
         <load_address>0xe88</load_address>
         <run_address>0xe88</run_address>
         <size>0x12</size>
         <input_file_ref idref="fl-a"/>
      </object_component>
      <object_component id="oc-193">
         <name>.text:PWMOutputState</name>
         <load_address>0xe9a</load_address>
         <run_address>0xe9a</run_address>
         <size>0x12</size>
         <input_file_ref idref="fl-d"/>
      </object_component>
      <object_component id="oc-97">
         <name>.text:MIL_ClkSetInt_16MHz</name>
         <load_address>0xeac</load_address>
         <run_address>0xeac</run_address>
         <size>0x10</size>
         <input_file_ref idref="fl-4"/>
      </object_component>
      <object_component id="oc-187">
         <name>.text:PWMGenPeriodSet</name>
         <load_address>0xebc</load_address>
         <run_address>0xebc</run_address>
         <size>0x10</size>
         <input_file_ref idref="fl-d"/>
      </object_component>
      <object_component id="oc-18d">
         <name>.text:PWMGenEnable</name>
         <load_address>0xecc</load_address>
         <run_address>0xecc</run_address>
         <size>0xc</size>
         <input_file_ref idref="fl-d"/>
      </object_component>
      <object_component id="oc-152">
         <name>.text:CANEnable</name>
         <load_address>0xed8</load_address>
         <run_address>0xed8</run_address>
         <size>0xa</size>
         <input_file_ref idref="fl-a"/>
      </object_component>
      <object_component id="oc-19a">
         <name>.text:SSIDataPut</name>
         <load_address>0xee2</load_address>
         <run_address>0xee2</run_address>
         <size>0xa</size>
         <input_file_ref idref="fl-e"/>
      </object_component>
      <object_component id="oc-16d">
         <name>.text:SSIEnable</name>
         <load_address>0xeec</load_address>
         <run_address>0xeec</run_address>
         <size>0xa</size>
         <input_file_ref idref="fl-e"/>
      </object_component>
      <object_component id="oc-bb">
         <name>.text:SSIBusy</name>
         <load_address>0xef6</load_address>
         <run_address>0xef6</run_address>
         <size>0x8</size>
         <input_file_ref idref="fl-e"/>
      </object_component>
      <object_component id="oc-6f">
         <name>.text:_system_pre_init</name>
         <load_address>0xefe</load_address>
         <run_address>0xefe</run_address>
         <size>0x4</size>
         <input_file_ref idref="fl-cd"/>
      </object_component>
      <object_component id="oc-e3">
         <name>.text:abort:abort</name>
         <load_address>0xf02</load_address>
         <run_address>0xf02</run_address>
         <size>0x4</size>
         <input_file_ref idref="fl-cf"/>
      </object_component>
      <object_component id="oc-1f3">
         <name>.const:g_pppui32XTALtoVCO</name>
         <load_address>0xf08</load_address>
         <run_address>0xf08</run_address>
         <size>0x1b0</size>
         <input_file_ref idref="fl-f"/>
      </object_component>
      <object_component id="oc-1fb">
         <name>.const:g_pui32GPIOBaseAddrs</name>
         <load_address>0x10b8</load_address>
         <run_address>0x10b8</run_address>
         <size>0x90</size>
         <input_file_ref idref="fl-b"/>
      </object_component>
      <object_component id="oc-1f0">
         <name>.const:g_pui32Xtals</name>
         <load_address>0x1148</load_address>
         <run_address>0x1148</run_address>
         <size>0x6c</size>
         <input_file_ref idref="fl-f"/>
      </object_component>
      <object_component id="oc-26f">
         <name>.const:g_sXTALtoMEMTIM</name>
         <load_address>0x11b4</load_address>
         <run_address>0x11b4</run_address>
         <size>0x30</size>
         <input_file_ref idref="fl-f"/>
      </object_component>
      <object_component id="oc-212">
         <name>.const:g_ui16CANBitValues</name>
         <load_address>0x11e4</load_address>
         <run_address>0x11e4</run_address>
         <size>0x20</size>
         <input_file_ref idref="fl-a"/>
      </object_component>
      <object_component id="oc-1f6">
         <name>.const:g_pui32VCOFrequencies</name>
         <load_address>0x1204</load_address>
         <run_address>0x1204</run_address>
         <size>0x8</size>
         <input_file_ref idref="fl-f"/>
      </object_component>
      <object_component id="oc-1b8">
         <name>.debug_info</name>
         <load_address>0x0</load_address>
         <run_address>0x0</run_address>
         <size>0x60e</size>
         <input_file_ref idref="fl-2"/>
      </object_component>
      <object_component id="oc-b2">
         <name>.debug_info</name>
         <load_address>0x60e</load_address>
         <run_address>0x60e</run_address>
         <size>0x1e5</size>
         <input_file_ref idref="fl-2"/>
      </object_component>
      <object_component id="oc-77">
         <name>.debug_info</name>
         <load_address>0x7f3</load_address>
         <run_address>0x7f3</run_address>
         <size>0x222</size>
         <input_file_ref idref="fl-2"/>
      </object_component>
      <object_component id="oc-d9">
         <name>.debug_info</name>
         <load_address>0xa15</load_address>
         <run_address>0xa15</run_address>
         <size>0x14c</size>
         <input_file_ref idref="fl-2"/>
      </object_component>
      <object_component id="oc-22a">
         <name>.debug_info</name>
         <load_address>0xb61</load_address>
         <run_address>0xb61</run_address>
         <size>0xb5</size>
         <input_file_ref idref="fl-2"/>
      </object_component>
      <object_component id="oc-1ba">
         <name>.debug_info</name>
         <load_address>0xc16</load_address>
         <run_address>0xc16</run_address>
         <size>0x1b3</size>
         <input_file_ref idref="fl-2"/>
      </object_component>
      <object_component id="oc-219">
         <name>.debug_info</name>
         <load_address>0xdc9</load_address>
         <run_address>0xdc9</run_address>
         <size>0x26b</size>
         <input_file_ref idref="fl-2"/>
      </object_component>
      <object_component id="oc-d4">
         <name>.debug_info</name>
         <load_address>0x1034</load_address>
         <run_address>0x1034</run_address>
         <size>0x8b</size>
         <input_file_ref idref="fl-2"/>
      </object_component>
      <object_component id="oc-1bf">
         <name>.debug_info</name>
         <load_address>0x10bf</load_address>
         <run_address>0x10bf</run_address>
         <size>0x2a4</size>
         <input_file_ref idref="fl-2"/>
      </object_component>
      <object_component id="oc-de">
         <name>.debug_info</name>
         <load_address>0x1363</load_address>
         <run_address>0x1363</run_address>
         <size>0xbb</size>
         <input_file_ref idref="fl-2"/>
      </object_component>
      <object_component id="oc-159">
         <name>.debug_info</name>
         <load_address>0x141e</load_address>
         <run_address>0x141e</run_address>
         <size>0x547</size>
         <input_file_ref idref="fl-3"/>
      </object_component>
      <object_component id="oc-a6">
         <name>.debug_info</name>
         <load_address>0x1965</load_address>
         <run_address>0x1965</run_address>
         <size>0x165</size>
         <input_file_ref idref="fl-3"/>
      </object_component>
      <object_component id="oc-9e">
         <name>.debug_info</name>
         <load_address>0x1aca</load_address>
         <run_address>0x1aca</run_address>
         <size>0x2bf</size>
         <input_file_ref idref="fl-3"/>
      </object_component>
      <object_component id="oc-c9">
         <name>.debug_info</name>
         <load_address>0x1d89</load_address>
         <run_address>0x1d89</run_address>
         <size>0x185</size>
         <input_file_ref idref="fl-3"/>
      </object_component>
      <object_component id="oc-c4">
         <name>.debug_info</name>
         <load_address>0x1f0e</load_address>
         <run_address>0x1f0e</run_address>
         <size>0x16f</size>
         <input_file_ref idref="fl-3"/>
      </object_component>
      <object_component id="oc-98">
         <name>.debug_info</name>
         <load_address>0x207d</load_address>
         <run_address>0x207d</run_address>
         <size>0x13b</size>
         <input_file_ref idref="fl-4"/>
      </object_component>
      <object_component id="oc-1d">
         <name>.debug_info</name>
         <load_address>0x21b8</load_address>
         <run_address>0x21b8</run_address>
         <size>0x84</size>
         <input_file_ref idref="fl-4"/>
      </object_component>
      <object_component id="oc-174">
         <name>.debug_info</name>
         <load_address>0x223c</load_address>
         <run_address>0x223c</run_address>
         <size>0x40a</size>
         <input_file_ref idref="fl-5"/>
      </object_component>
      <object_component id="oc-ab">
         <name>.debug_info</name>
         <load_address>0x2646</load_address>
         <run_address>0x2646</run_address>
         <size>0x559</size>
         <input_file_ref idref="fl-5"/>
      </object_component>
      <object_component id="oc-b7">
         <name>.debug_info</name>
         <load_address>0x2b9f</load_address>
         <run_address>0x2b9f</run_address>
         <size>0x192</size>
         <input_file_ref idref="fl-5"/>
      </object_component>
      <object_component id="oc-20f">
         <name>.debug_info</name>
         <load_address>0x2d31</load_address>
         <run_address>0x2d31</run_address>
         <size>0x3d0</size>
         <input_file_ref idref="fl-a"/>
      </object_component>
      <object_component id="oc-213">
         <name>.debug_info</name>
         <load_address>0x3101</load_address>
         <run_address>0x3101</run_address>
         <size>0x15f</size>
         <input_file_ref idref="fl-a"/>
      </object_component>
      <object_component id="oc-1ac">
         <name>.debug_info</name>
         <load_address>0x3260</load_address>
         <run_address>0x3260</run_address>
         <size>0x28f</size>
         <input_file_ref idref="fl-a"/>
      </object_component>
      <object_component id="oc-144">
         <name>.debug_info</name>
         <load_address>0x34ef</load_address>
         <run_address>0x34ef</run_address>
         <size>0x2a6</size>
         <input_file_ref idref="fl-a"/>
      </object_component>
      <object_component id="oc-222">
         <name>.debug_info</name>
         <load_address>0x3795</load_address>
         <run_address>0x3795</run_address>
         <size>0x2e6</size>
         <input_file_ref idref="fl-a"/>
      </object_component>
      <object_component id="oc-15e">
         <name>.debug_info</name>
         <load_address>0x3a7b</load_address>
         <run_address>0x3a7b</run_address>
         <size>0x41c</size>
         <input_file_ref idref="fl-a"/>
      </object_component>
      <object_component id="oc-247">
         <name>.debug_info</name>
         <load_address>0x3e97</load_address>
         <run_address>0x3e97</run_address>
         <size>0x2e7</size>
         <input_file_ref idref="fl-a"/>
      </object_component>
      <object_component id="oc-1b3">
         <name>.debug_info</name>
         <load_address>0x417e</load_address>
         <run_address>0x417e</run_address>
         <size>0x3f1</size>
         <input_file_ref idref="fl-a"/>
      </object_component>
      <object_component id="oc-13c">
         <name>.debug_info</name>
         <load_address>0x456f</load_address>
         <run_address>0x456f</run_address>
         <size>0x275</size>
         <input_file_ref idref="fl-a"/>
      </object_component>
      <object_component id="oc-155">
         <name>.debug_info</name>
         <load_address>0x47e4</load_address>
         <run_address>0x47e4</run_address>
         <size>0x24b</size>
         <input_file_ref idref="fl-a"/>
      </object_component>
      <object_component id="oc-14f">
         <name>.debug_info</name>
         <load_address>0x4a2f</load_address>
         <run_address>0x4a2f</run_address>
         <size>0x369</size>
         <input_file_ref idref="fl-a"/>
      </object_component>
      <object_component id="oc-28d">
         <name>.debug_info</name>
         <load_address>0x4d98</load_address>
         <run_address>0x4d98</run_address>
         <size>0x1b3</size>
         <input_file_ref idref="fl-a"/>
      </object_component>
      <object_component id="oc-23d">
         <name>.debug_info</name>
         <load_address>0x4f4b</load_address>
         <run_address>0x4f4b</run_address>
         <size>0x26b</size>
         <input_file_ref idref="fl-a"/>
      </object_component>
      <object_component id="oc-236">
         <name>.debug_info</name>
         <load_address>0x51b6</load_address>
         <run_address>0x51b6</run_address>
         <size>0x297</size>
         <input_file_ref idref="fl-a"/>
      </object_component>
      <object_component id="oc-274">
         <name>.debug_info</name>
         <load_address>0x544d</load_address>
         <run_address>0x544d</run_address>
         <size>0xef</size>
         <input_file_ref idref="fl-a"/>
      </object_component>
      <object_component id="oc-1a2">
         <name>.debug_info</name>
         <load_address>0x553c</load_address>
         <run_address>0x553c</run_address>
         <size>0xbb</size>
         <input_file_ref idref="fl-a"/>
      </object_component>
      <object_component id="oc-1ff">
         <name>.debug_info</name>
         <load_address>0x55f7</load_address>
         <run_address>0x55f7</run_address>
         <size>0x3e4</size>
         <input_file_ref idref="fl-b"/>
      </object_component>
      <object_component id="oc-1fc">
         <name>.debug_info</name>
         <load_address>0x59db</load_address>
         <run_address>0x59db</run_address>
         <size>0x164</size>
         <input_file_ref idref="fl-b"/>
      </object_component>
      <object_component id="oc-202">
         <name>.debug_info</name>
         <load_address>0x5b3f</load_address>
         <run_address>0x5b3f</run_address>
         <size>0x2bc</size>
         <input_file_ref idref="fl-b"/>
      </object_component>
      <object_component id="oc-208">
         <name>.debug_info</name>
         <load_address>0x5dfb</load_address>
         <run_address>0x5dfb</run_address>
         <size>0x31f</size>
         <input_file_ref idref="fl-b"/>
      </object_component>
      <object_component id="oc-163">
         <name>.debug_info</name>
         <load_address>0x611a</load_address>
         <run_address>0x611a</run_address>
         <size>0x299</size>
         <input_file_ref idref="fl-b"/>
      </object_component>
      <object_component id="oc-17d">
         <name>.debug_info</name>
         <load_address>0x63b3</load_address>
         <run_address>0x63b3</run_address>
         <size>0x299</size>
         <input_file_ref idref="fl-b"/>
      </object_component>
      <object_component id="oc-130">
         <name>.debug_info</name>
         <load_address>0x664c</load_address>
         <run_address>0x664c</run_address>
         <size>0x299</size>
         <input_file_ref idref="fl-b"/>
      </object_component>
      <object_component id="oc-12a">
         <name>.debug_info</name>
         <load_address>0x68e5</load_address>
         <run_address>0x68e5</run_address>
         <size>0x289</size>
         <input_file_ref idref="fl-b"/>
      </object_component>
      <object_component id="oc-1b7">
         <name>.debug_info</name>
         <load_address>0x6b6e</load_address>
         <run_address>0x6b6e</run_address>
         <size>0x396</size>
         <input_file_ref idref="fl-d"/>
      </object_component>
      <object_component id="oc-cf">
         <name>.debug_info</name>
         <load_address>0x6f04</load_address>
         <run_address>0x6f04</run_address>
         <size>0x2ff</size>
         <input_file_ref idref="fl-d"/>
      </object_component>
      <object_component id="oc-195">
         <name>.debug_info</name>
         <load_address>0x7203</load_address>
         <run_address>0x7203</run_address>
         <size>0x2cd</size>
         <input_file_ref idref="fl-d"/>
      </object_component>
      <object_component id="oc-189">
         <name>.debug_info</name>
         <load_address>0x74d0</load_address>
         <run_address>0x74d0</run_address>
         <size>0x2bf</size>
         <input_file_ref idref="fl-d"/>
      </object_component>
      <object_component id="oc-18e">
         <name>.debug_info</name>
         <load_address>0x778f</load_address>
         <run_address>0x778f</run_address>
         <size>0x27f</size>
         <input_file_ref idref="fl-d"/>
      </object_component>
      <object_component id="oc-182">
         <name>.debug_info</name>
         <load_address>0x7a0e</load_address>
         <run_address>0x7a0e</run_address>
         <size>0x2bc</size>
         <input_file_ref idref="fl-d"/>
      </object_component>
      <object_component id="oc-1a7">
         <name>.debug_info</name>
         <load_address>0x7cca</load_address>
         <run_address>0x7cca</run_address>
         <size>0x3c0</size>
         <input_file_ref idref="fl-e"/>
      </object_component>
      <object_component id="oc-16e">
         <name>.debug_info</name>
         <load_address>0x808a</load_address>
         <run_address>0x808a</run_address>
         <size>0x24b</size>
         <input_file_ref idref="fl-e"/>
      </object_component>
      <object_component id="oc-19b">
         <name>.debug_info</name>
         <load_address>0x82d5</load_address>
         <run_address>0x82d5</run_address>
         <size>0x27f</size>
         <input_file_ref idref="fl-e"/>
      </object_component>
      <object_component id="oc-169">
         <name>.debug_info</name>
         <load_address>0x8554</load_address>
         <run_address>0x8554</run_address>
         <size>0x3e2</size>
         <input_file_ref idref="fl-e"/>
      </object_component>
      <object_component id="oc-bd">
         <name>.debug_info</name>
         <load_address>0x8936</load_address>
         <run_address>0x8936</run_address>
         <size>0x24b</size>
         <input_file_ref idref="fl-e"/>
      </object_component>
      <object_component id="oc-1fa">
         <name>.debug_info</name>
         <load_address>0x8b81</load_address>
         <run_address>0x8b81</run_address>
         <size>0x441</size>
         <input_file_ref idref="fl-f"/>
      </object_component>
      <object_component id="oc-1f1">
         <name>.debug_info</name>
         <load_address>0x8fc2</load_address>
         <run_address>0x8fc2</run_address>
         <size>0x156</size>
         <input_file_ref idref="fl-f"/>
      </object_component>
      <object_component id="oc-1f4">
         <name>.debug_info</name>
         <load_address>0x9118</load_address>
         <run_address>0x9118</run_address>
         <size>0x162</size>
         <input_file_ref idref="fl-f"/>
      </object_component>
      <object_component id="oc-270">
         <name>.debug_info</name>
         <load_address>0x927a</load_address>
         <run_address>0x927a</run_address>
         <size>0x15c</size>
         <input_file_ref idref="fl-f"/>
      </object_component>
      <object_component id="oc-1f7">
         <name>.debug_info</name>
         <load_address>0x93d6</load_address>
         <run_address>0x93d6</run_address>
         <size>0x169</size>
         <input_file_ref idref="fl-f"/>
      </object_component>
      <object_component id="oc-136">
         <name>.debug_info</name>
         <load_address>0x953f</load_address>
         <run_address>0x953f</run_address>
         <size>0x286</size>
         <input_file_ref idref="fl-f"/>
      </object_component>
      <object_component id="oc-177">
         <name>.debug_info</name>
         <load_address>0x97c5</load_address>
         <run_address>0x97c5</run_address>
         <size>0x26c</size>
         <input_file_ref idref="fl-f"/>
      </object_component>
      <object_component id="oc-147">
         <name>.debug_info</name>
         <load_address>0x9a31</load_address>
         <run_address>0x9a31</run_address>
         <size>0x2be</size>
         <input_file_ref idref="fl-f"/>
      </object_component>
      <object_component id="oc-1e5">
         <name>.debug_info</name>
         <load_address>0x9cef</load_address>
         <run_address>0x9cef</run_address>
         <size>0x279</size>
         <input_file_ref idref="fl-f"/>
      </object_component>
      <object_component id="oc-1eb">
         <name>.debug_info</name>
         <load_address>0x9f68</load_address>
         <run_address>0x9f68</run_address>
         <size>0x2c3</size>
         <input_file_ref idref="fl-f"/>
      </object_component>
      <object_component id="oc-122">
         <name>.debug_info</name>
         <load_address>0xa22b</load_address>
         <run_address>0xa22b</run_address>
         <size>0x4a3</size>
         <input_file_ref idref="fl-f"/>
      </object_component>
      <object_component id="oc-281">
         <name>.debug_info</name>
         <load_address>0xa6ce</load_address>
         <run_address>0xa6ce</run_address>
         <size>0x51</size>
         <input_file_ref idref="fl-f"/>
      </object_component>
      <object_component id="oc-15">
         <name>.debug_info</name>
         <load_address>0xa71f</load_address>
         <run_address>0xa71f</run_address>
         <size>0x10b</size>
         <input_file_ref idref="fl-c9"/>
      </object_component>
      <object_component id="oc-3c">
         <name>.debug_info</name>
         <load_address>0xa82a</load_address>
         <run_address>0xa82a</run_address>
         <size>0x1a2</size>
         <input_file_ref idref="fl-c9"/>
      </object_component>
      <object_component id="oc-71">
         <name>.debug_info</name>
         <load_address>0xa9cc</load_address>
         <run_address>0xa9cc</run_address>
         <size>0x153</size>
         <input_file_ref idref="fl-cd"/>
      </object_component>
      <object_component id="oc-e4">
         <name>.debug_info</name>
         <load_address>0xab1f</load_address>
         <run_address>0xab1f</run_address>
         <size>0x122</size>
         <input_file_ref idref="fl-cf"/>
      </object_component>
      <object_component id="oc-2f6">
         <name>.debug_info</name>
         <load_address>0xac41</load_address>
         <run_address>0xac41</run_address>
         <size>0xa1</size>
      </object_component>
      <object_component id="oc-24d">
         <name>.debug_line</name>
         <load_address>0x0</load_address>
         <run_address>0x0</run_address>
         <size>0x141</size>
         <input_file_ref idref="fl-2"/>
      </object_component>
      <object_component id="oc-b0">
         <name>.debug_line</name>
         <load_address>0x141</load_address>
         <run_address>0x141</run_address>
         <size>0x4c</size>
         <input_file_ref idref="fl-2"/>
      </object_component>
      <object_component id="oc-7a">
         <name>.debug_line</name>
         <load_address>0x18d</load_address>
         <run_address>0x18d</run_address>
         <size>0x5d</size>
         <input_file_ref idref="fl-2"/>
      </object_component>
      <object_component id="oc-dc">
         <name>.debug_line</name>
         <load_address>0x1ea</load_address>
         <run_address>0x1ea</run_address>
         <size>0x34</size>
         <input_file_ref idref="fl-2"/>
      </object_component>
      <object_component id="oc-22d">
         <name>.debug_line</name>
         <load_address>0x21e</load_address>
         <run_address>0x21e</run_address>
         <size>0x34</size>
         <input_file_ref idref="fl-2"/>
      </object_component>
      <object_component id="oc-1bd">
         <name>.debug_line</name>
         <load_address>0x252</load_address>
         <run_address>0x252</run_address>
         <size>0x55</size>
         <input_file_ref idref="fl-2"/>
      </object_component>
      <object_component id="oc-21c">
         <name>.debug_line</name>
         <load_address>0x2a7</load_address>
         <run_address>0x2a7</run_address>
         <size>0x6f</size>
         <input_file_ref idref="fl-2"/>
      </object_component>
      <object_component id="oc-d7">
         <name>.debug_line</name>
         <load_address>0x316</load_address>
         <run_address>0x316</run_address>
         <size>0x20</size>
         <input_file_ref idref="fl-2"/>
      </object_component>
      <object_component id="oc-1c2">
         <name>.debug_line</name>
         <load_address>0x336</load_address>
         <run_address>0x336</run_address>
         <size>0x73</size>
         <input_file_ref idref="fl-2"/>
      </object_component>
      <object_component id="oc-e1">
         <name>.debug_line</name>
         <load_address>0x3a9</load_address>
         <run_address>0x3a9</run_address>
         <size>0x70</size>
         <input_file_ref idref="fl-2"/>
      </object_component>
      <object_component id="oc-218">
         <name>.debug_line</name>
         <load_address>0x419</load_address>
         <run_address>0x419</run_address>
         <size>0xfe</size>
         <input_file_ref idref="fl-3"/>
      </object_component>
      <object_component id="oc-a5">
         <name>.debug_line</name>
         <load_address>0x517</load_address>
         <run_address>0x517</run_address>
         <size>0x61</size>
         <input_file_ref idref="fl-3"/>
      </object_component>
      <object_component id="oc-a1">
         <name>.debug_line</name>
         <load_address>0x578</load_address>
         <run_address>0x578</run_address>
         <size>0x80</size>
         <input_file_ref idref="fl-3"/>
      </object_component>
      <object_component id="oc-cc">
         <name>.debug_line</name>
         <load_address>0x5f8</load_address>
         <run_address>0x5f8</run_address>
         <size>0x4f</size>
         <input_file_ref idref="fl-3"/>
      </object_component>
      <object_component id="oc-c2">
         <name>.debug_line</name>
         <load_address>0x647</load_address>
         <run_address>0x647</run_address>
         <size>0x49</size>
         <input_file_ref idref="fl-3"/>
      </object_component>
      <object_component id="oc-9b">
         <name>.debug_line</name>
         <load_address>0x690</load_address>
         <run_address>0x690</run_address>
         <size>0x46</size>
         <input_file_ref idref="fl-4"/>
      </object_component>
      <object_component id="oc-20">
         <name>.debug_line</name>
         <load_address>0x6d6</load_address>
         <run_address>0x6d6</run_address>
         <size>0x20</size>
         <input_file_ref idref="fl-4"/>
      </object_component>
      <object_component id="oc-229">
         <name>.debug_line</name>
         <load_address>0x6f6</load_address>
         <run_address>0x6f6</run_address>
         <size>0xc3</size>
         <input_file_ref idref="fl-5"/>
      </object_component>
      <object_component id="oc-aa">
         <name>.debug_line</name>
         <load_address>0x7b9</load_address>
         <run_address>0x7b9</run_address>
         <size>0xb9</size>
         <input_file_ref idref="fl-5"/>
      </object_component>
      <object_component id="oc-b6">
         <name>.debug_line</name>
         <load_address>0x872</load_address>
         <run_address>0x872</run_address>
         <size>0x69</size>
         <input_file_ref idref="fl-5"/>
      </object_component>
      <object_component id="oc-28c">
         <name>.debug_line</name>
         <load_address>0x8db</load_address>
         <run_address>0x8db</run_address>
         <size>0x82</size>
         <input_file_ref idref="fl-a"/>
      </object_component>
      <object_component id="oc-293">
         <name>.debug_line</name>
         <load_address>0x95d</load_address>
         <run_address>0x95d</run_address>
         <size>0x7c</size>
         <input_file_ref idref="fl-a"/>
      </object_component>
      <object_component id="oc-1aa">
         <name>.debug_line</name>
         <load_address>0x9d9</load_address>
         <run_address>0x9d9</run_address>
         <size>0xb2</size>
         <input_file_ref idref="fl-a"/>
      </object_component>
      <object_component id="oc-142">
         <name>.debug_line</name>
         <load_address>0xa8b</load_address>
         <run_address>0xa8b</run_address>
         <size>0x99</size>
         <input_file_ref idref="fl-a"/>
      </object_component>
      <object_component id="oc-220">
         <name>.debug_line</name>
         <load_address>0xb24</load_address>
         <run_address>0xb24</run_address>
         <size>0xa2</size>
         <input_file_ref idref="fl-a"/>
      </object_component>
      <object_component id="oc-15c">
         <name>.debug_line</name>
         <load_address>0xbc6</load_address>
         <run_address>0xbc6</run_address>
         <size>0x131</size>
         <input_file_ref idref="fl-a"/>
      </object_component>
      <object_component id="oc-245">
         <name>.debug_line</name>
         <load_address>0xcf7</load_address>
         <run_address>0xcf7</run_address>
         <size>0xa5</size>
         <input_file_ref idref="fl-a"/>
      </object_component>
      <object_component id="oc-1b1">
         <name>.debug_line</name>
         <load_address>0xd9c</load_address>
         <run_address>0xd9c</run_address>
         <size>0x10e</size>
         <input_file_ref idref="fl-a"/>
      </object_component>
      <object_component id="oc-13e">
         <name>.debug_line</name>
         <load_address>0xeaa</load_address>
         <run_address>0xeaa</run_address>
         <size>0xa9</size>
         <input_file_ref idref="fl-a"/>
      </object_component>
      <object_component id="oc-157">
         <name>.debug_line</name>
         <load_address>0xf53</load_address>
         <run_address>0xf53</run_address>
         <size>0x91</size>
         <input_file_ref idref="fl-a"/>
      </object_component>
      <object_component id="oc-151">
         <name>.debug_line</name>
         <load_address>0xfe4</load_address>
         <run_address>0xfe4</run_address>
         <size>0xd0</size>
         <input_file_ref idref="fl-a"/>
      </object_component>
      <object_component id="oc-290">
         <name>.debug_line</name>
         <load_address>0x10b4</load_address>
         <run_address>0x10b4</run_address>
         <size>0x7c</size>
         <input_file_ref idref="fl-a"/>
      </object_component>
      <object_component id="oc-240">
         <name>.debug_line</name>
         <load_address>0x1130</load_address>
         <run_address>0x1130</run_address>
         <size>0x71</size>
         <input_file_ref idref="fl-a"/>
      </object_component>
      <object_component id="oc-239">
         <name>.debug_line</name>
         <load_address>0x11a1</load_address>
         <run_address>0x11a1</run_address>
         <size>0x75</size>
         <input_file_ref idref="fl-a"/>
      </object_component>
      <object_component id="oc-277">
         <name>.debug_line</name>
         <load_address>0x1216</load_address>
         <run_address>0x1216</run_address>
         <size>0x71</size>
         <input_file_ref idref="fl-a"/>
      </object_component>
      <object_component id="oc-1a5">
         <name>.debug_line</name>
         <load_address>0x1287</load_address>
         <run_address>0x1287</run_address>
         <size>0x72</size>
         <input_file_ref idref="fl-a"/>
      </object_component>
      <object_component id="oc-288">
         <name>.debug_line</name>
         <load_address>0x12f9</load_address>
         <run_address>0x12f9</run_address>
         <size>0x82</size>
         <input_file_ref idref="fl-b"/>
      </object_component>
      <object_component id="oc-286">
         <name>.debug_line</name>
         <load_address>0x137b</load_address>
         <run_address>0x137b</run_address>
         <size>0x7d</size>
         <input_file_ref idref="fl-b"/>
      </object_component>
      <object_component id="oc-201">
         <name>.debug_line</name>
         <load_address>0x13f8</load_address>
         <run_address>0x13f8</run_address>
         <size>0x95</size>
         <input_file_ref idref="fl-b"/>
      </object_component>
      <object_component id="oc-207">
         <name>.debug_line</name>
         <load_address>0x148d</load_address>
         <run_address>0x148d</run_address>
         <size>0xc4</size>
         <input_file_ref idref="fl-b"/>
      </object_component>
      <object_component id="oc-162">
         <name>.debug_line</name>
         <load_address>0x1551</load_address>
         <run_address>0x1551</run_address>
         <size>0x99</size>
         <input_file_ref idref="fl-b"/>
      </object_component>
      <object_component id="oc-17c">
         <name>.debug_line</name>
         <load_address>0x15ea</load_address>
         <run_address>0x15ea</run_address>
         <size>0x99</size>
         <input_file_ref idref="fl-b"/>
      </object_component>
      <object_component id="oc-12f">
         <name>.debug_line</name>
         <load_address>0x1683</load_address>
         <run_address>0x1683</run_address>
         <size>0x99</size>
         <input_file_ref idref="fl-b"/>
      </object_component>
      <object_component id="oc-129">
         <name>.debug_line</name>
         <load_address>0x171c</load_address>
         <run_address>0x171c</run_address>
         <size>0xa7</size>
         <input_file_ref idref="fl-b"/>
      </object_component>
      <object_component id="oc-24b">
         <name>.debug_line</name>
         <load_address>0x17c3</load_address>
         <run_address>0x17c3</run_address>
         <size>0x82</size>
         <input_file_ref idref="fl-d"/>
      </object_component>
      <object_component id="oc-d1">
         <name>.debug_line</name>
         <load_address>0x1845</load_address>
         <run_address>0x1845</run_address>
         <size>0x9e</size>
         <input_file_ref idref="fl-d"/>
      </object_component>
      <object_component id="oc-198">
         <name>.debug_line</name>
         <load_address>0x18e3</load_address>
         <run_address>0x18e3</run_address>
         <size>0x95</size>
         <input_file_ref idref="fl-d"/>
      </object_component>
      <object_component id="oc-18b">
         <name>.debug_line</name>
         <load_address>0x1978</load_address>
         <run_address>0x1978</run_address>
         <size>0x96</size>
         <input_file_ref idref="fl-d"/>
      </object_component>
      <object_component id="oc-191">
         <name>.debug_line</name>
         <load_address>0x1a0e</load_address>
         <run_address>0x1a0e</run_address>
         <size>0x91</size>
         <input_file_ref idref="fl-d"/>
      </object_component>
      <object_component id="oc-185">
         <name>.debug_line</name>
         <load_address>0x1a9f</load_address>
         <run_address>0x1a9f</run_address>
         <size>0x9b</size>
         <input_file_ref idref="fl-d"/>
      </object_component>
      <object_component id="oc-23c">
         <name>.debug_line</name>
         <load_address>0x1b3a</load_address>
         <run_address>0x1b3a</run_address>
         <size>0x82</size>
         <input_file_ref idref="fl-e"/>
      </object_component>
      <object_component id="oc-172">
         <name>.debug_line</name>
         <load_address>0x1bbc</load_address>
         <run_address>0x1bbc</run_address>
         <size>0x91</size>
         <input_file_ref idref="fl-e"/>
      </object_component>
      <object_component id="oc-19e">
         <name>.debug_line</name>
         <load_address>0x1c4d</load_address>
         <run_address>0x1c4d</run_address>
         <size>0x94</size>
         <input_file_ref idref="fl-e"/>
      </object_component>
      <object_component id="oc-168">
         <name>.debug_line</name>
         <load_address>0x1ce1</load_address>
         <run_address>0x1ce1</run_address>
         <size>0xa3</size>
         <input_file_ref idref="fl-e"/>
      </object_component>
      <object_component id="oc-bc">
         <name>.debug_line</name>
         <load_address>0x1d84</load_address>
         <run_address>0x1d84</run_address>
         <size>0x91</size>
         <input_file_ref idref="fl-e"/>
      </object_component>
      <object_component id="oc-280">
         <name>.debug_line</name>
         <load_address>0x1e15</load_address>
         <run_address>0x1e15</run_address>
         <size>0x13d</size>
         <input_file_ref idref="fl-f"/>
      </object_component>
      <object_component id="oc-27a">
         <name>.debug_line</name>
         <load_address>0x1f52</load_address>
         <run_address>0x1f52</run_address>
         <size>0x7f</size>
         <input_file_ref idref="fl-f"/>
      </object_component>
      <object_component id="oc-27c">
         <name>.debug_line</name>
         <load_address>0x1fd1</load_address>
         <run_address>0x1fd1</run_address>
         <size>0x7f</size>
         <input_file_ref idref="fl-f"/>
      </object_component>
      <object_component id="oc-2a6">
         <name>.debug_line</name>
         <load_address>0x2050</load_address>
         <run_address>0x2050</run_address>
         <size>0x7f</size>
         <input_file_ref idref="fl-f"/>
      </object_component>
      <object_component id="oc-27e">
         <name>.debug_line</name>
         <load_address>0x20cf</load_address>
         <run_address>0x20cf</run_address>
         <size>0x7f</size>
         <input_file_ref idref="fl-f"/>
      </object_component>
      <object_component id="oc-135">
         <name>.debug_line</name>
         <load_address>0x214e</load_address>
         <run_address>0x214e</run_address>
         <size>0x94</size>
         <input_file_ref idref="fl-f"/>
      </object_component>
      <object_component id="oc-176">
         <name>.debug_line</name>
         <load_address>0x21e2</load_address>
         <run_address>0x21e2</run_address>
         <size>0x94</size>
         <input_file_ref idref="fl-f"/>
      </object_component>
      <object_component id="oc-14a">
         <name>.debug_line</name>
         <load_address>0x2276</load_address>
         <run_address>0x2276</run_address>
         <size>0x118</size>
         <input_file_ref idref="fl-f"/>
      </object_component>
      <object_component id="oc-1e8">
         <name>.debug_line</name>
         <load_address>0x238e</load_address>
         <run_address>0x238e</run_address>
         <size>0x9e</size>
         <input_file_ref idref="fl-f"/>
      </object_component>
      <object_component id="oc-1ee">
         <name>.debug_line</name>
         <load_address>0x242c</load_address>
         <run_address>0x242c</run_address>
         <size>0xae</size>
         <input_file_ref idref="fl-f"/>
      </object_component>
      <object_component id="oc-125">
         <name>.debug_line</name>
         <load_address>0x24da</load_address>
         <run_address>0x24da</run_address>
         <size>0x192</size>
         <input_file_ref idref="fl-f"/>
      </object_component>
      <object_component id="oc-283">
         <name>.debug_line</name>
         <load_address>0x266c</load_address>
         <run_address>0x266c</run_address>
         <size>0x7f</size>
         <input_file_ref idref="fl-f"/>
      </object_component>
      <object_component id="oc-53">
         <name>.debug_line</name>
         <load_address>0x26eb</load_address>
         <run_address>0x26eb</run_address>
         <size>0x33</size>
         <input_file_ref idref="fl-c9"/>
      </object_component>
      <object_component id="oc-3b">
         <name>.debug_line</name>
         <load_address>0x271e</load_address>
         <run_address>0x271e</run_address>
         <size>0x48</size>
         <input_file_ref idref="fl-c9"/>
      </object_component>
      <object_component id="oc-70">
         <name>.debug_line</name>
         <load_address>0x2766</load_address>
         <run_address>0x2766</run_address>
         <size>0x40</size>
         <input_file_ref idref="fl-cd"/>
      </object_component>
      <object_component id="oc-e7">
         <name>.debug_line</name>
         <load_address>0x27a6</load_address>
         <run_address>0x27a6</run_address>
         <size>0x3c</size>
         <input_file_ref idref="fl-cf"/>
      </object_component>
      <object_component id="oc-b1">
         <name>.debug_frame</name>
         <load_address>0x0</load_address>
         <run_address>0x0</run_address>
         <size>0x58</size>
         <input_file_ref idref="fl-2"/>
      </object_component>
      <object_component id="oc-76">
         <name>.debug_frame</name>
         <load_address>0x58</load_address>
         <run_address>0x58</run_address>
         <size>0x5c</size>
         <input_file_ref idref="fl-2"/>
      </object_component>
      <object_component id="oc-a4">
         <name>.debug_frame</name>
         <load_address>0xb4</load_address>
         <run_address>0xb4</run_address>
         <size>0x5c</size>
         <input_file_ref idref="fl-3"/>
      </object_component>
      <object_component id="oc-a2">
         <name>.debug_frame</name>
         <load_address>0x110</load_address>
         <run_address>0x110</run_address>
         <size>0x5c</size>
         <input_file_ref idref="fl-3"/>
      </object_component>
      <object_component id="oc-c8">
         <name>.debug_frame</name>
         <load_address>0x16c</load_address>
         <run_address>0x16c</run_address>
         <size>0x60</size>
         <input_file_ref idref="fl-3"/>
      </object_component>
      <object_component id="oc-c3">
         <name>.debug_frame</name>
         <load_address>0x1cc</load_address>
         <run_address>0x1cc</run_address>
         <size>0x58</size>
         <input_file_ref idref="fl-3"/>
      </object_component>
      <object_component id="oc-9c">
         <name>.debug_frame</name>
         <load_address>0x224</load_address>
         <run_address>0x224</run_address>
         <size>0x54</size>
         <input_file_ref idref="fl-4"/>
      </object_component>
      <object_component id="oc-ae">
         <name>.debug_frame</name>
         <load_address>0x278</load_address>
         <run_address>0x278</run_address>
         <size>0x70</size>
         <input_file_ref idref="fl-5"/>
      </object_component>
      <object_component id="oc-ba">
         <name>.debug_frame</name>
         <load_address>0x2e8</load_address>
         <run_address>0x2e8</run_address>
         <size>0x54</size>
         <input_file_ref idref="fl-5"/>
      </object_component>
      <object_component id="oc-1ab">
         <name>.debug_frame</name>
         <load_address>0x33c</load_address>
         <run_address>0x33c</run_address>
         <size>0x54</size>
         <input_file_ref idref="fl-a"/>
      </object_component>
      <object_component id="oc-143">
         <name>.debug_frame</name>
         <load_address>0x390</load_address>
         <run_address>0x390</run_address>
         <size>0x54</size>
         <input_file_ref idref="fl-a"/>
      </object_component>
      <object_component id="oc-221">
         <name>.debug_frame</name>
         <load_address>0x3e4</load_address>
         <run_address>0x3e4</run_address>
         <size>0x5c</size>
         <input_file_ref idref="fl-a"/>
      </object_component>
      <object_component id="oc-15d">
         <name>.debug_frame</name>
         <load_address>0x440</load_address>
         <run_address>0x440</run_address>
         <size>0x6c</size>
         <input_file_ref idref="fl-a"/>
      </object_component>
      <object_component id="oc-246">
         <name>.debug_frame</name>
         <load_address>0x4ac</load_address>
         <run_address>0x4ac</run_address>
         <size>0x5c</size>
         <input_file_ref idref="fl-a"/>
      </object_component>
      <object_component id="oc-1b2">
         <name>.debug_frame</name>
         <load_address>0x508</load_address>
         <run_address>0x508</run_address>
         <size>0x68</size>
         <input_file_ref idref="fl-a"/>
      </object_component>
      <object_component id="oc-13f">
         <name>.debug_frame</name>
         <load_address>0x570</load_address>
         <run_address>0x570</run_address>
         <size>0x54</size>
         <input_file_ref idref="fl-a"/>
      </object_component>
      <object_component id="oc-154">
         <name>.debug_frame</name>
         <load_address>0x5c4</load_address>
         <run_address>0x5c4</run_address>
         <size>0x54</size>
         <input_file_ref idref="fl-a"/>
      </object_component>
      <object_component id="oc-14e">
         <name>.debug_frame</name>
         <load_address>0x618</load_address>
         <run_address>0x618</run_address>
         <size>0x60</size>
         <input_file_ref idref="fl-a"/>
      </object_component>
      <object_component id="oc-205">
         <name>.debug_frame</name>
         <load_address>0x678</load_address>
         <run_address>0x678</run_address>
         <size>0x54</size>
         <input_file_ref idref="fl-b"/>
      </object_component>
      <object_component id="oc-20b">
         <name>.debug_frame</name>
         <load_address>0x6cc</load_address>
         <run_address>0x6cc</run_address>
         <size>0x68</size>
         <input_file_ref idref="fl-b"/>
      </object_component>
      <object_component id="oc-166">
         <name>.debug_frame</name>
         <load_address>0x734</load_address>
         <run_address>0x734</run_address>
         <size>0x58</size>
         <input_file_ref idref="fl-b"/>
      </object_component>
      <object_component id="oc-180">
         <name>.debug_frame</name>
         <load_address>0x78c</load_address>
         <run_address>0x78c</run_address>
         <size>0x58</size>
         <input_file_ref idref="fl-b"/>
      </object_component>
      <object_component id="oc-133">
         <name>.debug_frame</name>
         <load_address>0x7e4</load_address>
         <run_address>0x7e4</run_address>
         <size>0x58</size>
         <input_file_ref idref="fl-b"/>
      </object_component>
      <object_component id="oc-12d">
         <name>.debug_frame</name>
         <load_address>0x83c</load_address>
         <run_address>0x83c</run_address>
         <size>0x58</size>
         <input_file_ref idref="fl-b"/>
      </object_component>
      <object_component id="oc-d2">
         <name>.debug_frame</name>
         <load_address>0x894</load_address>
         <run_address>0x894</run_address>
         <size>0x54</size>
         <input_file_ref idref="fl-d"/>
      </object_component>
      <object_component id="oc-197">
         <name>.debug_frame</name>
         <load_address>0x8e8</load_address>
         <run_address>0x8e8</run_address>
         <size>0x54</size>
         <input_file_ref idref="fl-d"/>
      </object_component>
      <object_component id="oc-18c">
         <name>.debug_frame</name>
         <load_address>0x93c</load_address>
         <run_address>0x93c</run_address>
         <size>0x54</size>
         <input_file_ref idref="fl-d"/>
      </object_component>
      <object_component id="oc-192">
         <name>.debug_frame</name>
         <load_address>0x990</load_address>
         <run_address>0x990</run_address>
         <size>0x54</size>
         <input_file_ref idref="fl-d"/>
      </object_component>
      <object_component id="oc-186">
         <name>.debug_frame</name>
         <load_address>0x9e4</load_address>
         <run_address>0x9e4</run_address>
         <size>0x54</size>
         <input_file_ref idref="fl-d"/>
      </object_component>
      <object_component id="oc-171">
         <name>.debug_frame</name>
         <load_address>0xa38</load_address>
         <run_address>0xa38</run_address>
         <size>0x54</size>
         <input_file_ref idref="fl-e"/>
      </object_component>
      <object_component id="oc-19f">
         <name>.debug_frame</name>
         <load_address>0xa8c</load_address>
         <run_address>0xa8c</run_address>
         <size>0x54</size>
         <input_file_ref idref="fl-e"/>
      </object_component>
      <object_component id="oc-16c">
         <name>.debug_frame</name>
         <load_address>0xae0</load_address>
         <run_address>0xae0</run_address>
         <size>0x58</size>
         <input_file_ref idref="fl-e"/>
      </object_component>
      <object_component id="oc-c0">
         <name>.debug_frame</name>
         <load_address>0xb38</load_address>
         <run_address>0xb38</run_address>
         <size>0x54</size>
         <input_file_ref idref="fl-e"/>
      </object_component>
      <object_component id="oc-139">
         <name>.debug_frame</name>
         <load_address>0xb8c</load_address>
         <run_address>0xb8c</run_address>
         <size>0x54</size>
         <input_file_ref idref="fl-f"/>
      </object_component>
      <object_component id="oc-17a">
         <name>.debug_frame</name>
         <load_address>0xbe0</load_address>
         <run_address>0xbe0</run_address>
         <size>0x54</size>
         <input_file_ref idref="fl-f"/>
      </object_component>
      <object_component id="oc-14b">
         <name>.debug_frame</name>
         <load_address>0xc34</load_address>
         <run_address>0xc34</run_address>
         <size>0x60</size>
         <input_file_ref idref="fl-f"/>
      </object_component>
      <object_component id="oc-1e9">
         <name>.debug_frame</name>
         <load_address>0xc94</load_address>
         <run_address>0xc94</run_address>
         <size>0x54</size>
         <input_file_ref idref="fl-f"/>
      </object_component>
      <object_component id="oc-1ef">
         <name>.debug_frame</name>
         <load_address>0xce8</load_address>
         <run_address>0xce8</run_address>
         <size>0x5c</size>
         <input_file_ref idref="fl-f"/>
      </object_component>
      <object_component id="oc-126">
         <name>.debug_frame</name>
         <load_address>0xd44</load_address>
         <run_address>0xd44</run_address>
         <size>0x6c</size>
         <input_file_ref idref="fl-f"/>
      </object_component>
      <object_component id="oc-3f">
         <name>.debug_frame</name>
         <load_address>0xdb0</load_address>
         <run_address>0xdb0</run_address>
         <size>0x50</size>
         <input_file_ref idref="fl-c9"/>
      </object_component>
      <object_component id="oc-74">
         <name>.debug_frame</name>
         <load_address>0xe00</load_address>
         <run_address>0xe00</run_address>
         <size>0x54</size>
         <input_file_ref idref="fl-cd"/>
      </object_component>
      <object_component id="oc-e8">
         <name>.debug_frame</name>
         <load_address>0xe54</load_address>
         <run_address>0xe54</run_address>
         <size>0x54</size>
         <input_file_ref idref="fl-cf"/>
      </object_component>
      <object_component id="oc-24c">
         <name>.debug_abbrev</name>
         <load_address>0x0</load_address>
         <run_address>0x0</run_address>
         <size>0xaa</size>
         <input_file_ref idref="fl-2"/>
      </object_component>
      <object_component id="oc-199">
         <name>.debug_abbrev</name>
         <load_address>0xaa</load_address>
         <run_address>0xaa</run_address>
         <size>0x5e</size>
         <input_file_ref idref="fl-2"/>
      </object_component>
      <object_component id="oc-d3">
         <name>.debug_abbrev</name>
         <load_address>0x108</load_address>
         <run_address>0x108</run_address>
         <size>0x62</size>
         <input_file_ref idref="fl-2"/>
      </object_component>
      <object_component id="oc-db">
         <name>.debug_abbrev</name>
         <load_address>0x16a</load_address>
         <run_address>0x16a</run_address>
         <size>0x67</size>
         <input_file_ref idref="fl-2"/>
      </object_component>
      <object_component id="oc-22c">
         <name>.debug_abbrev</name>
         <load_address>0x1d1</load_address>
         <run_address>0x1d1</run_address>
         <size>0x42</size>
         <input_file_ref idref="fl-2"/>
      </object_component>
      <object_component id="oc-1bc">
         <name>.debug_abbrev</name>
         <load_address>0x213</load_address>
         <run_address>0x213</run_address>
         <size>0x96</size>
         <input_file_ref idref="fl-2"/>
      </object_component>
      <object_component id="oc-21b">
         <name>.debug_abbrev</name>
         <load_address>0x2a9</load_address>
         <run_address>0x2a9</run_address>
         <size>0x69</size>
         <input_file_ref idref="fl-2"/>
      </object_component>
      <object_component id="oc-d6">
         <name>.debug_abbrev</name>
         <load_address>0x312</load_address>
         <run_address>0x312</run_address>
         <size>0x1f</size>
         <input_file_ref idref="fl-2"/>
      </object_component>
      <object_component id="oc-1c1">
         <name>.debug_abbrev</name>
         <load_address>0x331</load_address>
         <run_address>0x331</run_address>
         <size>0x5c</size>
         <input_file_ref idref="fl-2"/>
      </object_component>
      <object_component id="oc-e0">
         <name>.debug_abbrev</name>
         <load_address>0x38d</load_address>
         <run_address>0x38d</run_address>
         <size>0x24</size>
         <input_file_ref idref="fl-2"/>
      </object_component>
      <object_component id="oc-217">
         <name>.debug_abbrev</name>
         <load_address>0x3b1</load_address>
         <run_address>0x3b1</run_address>
         <size>0xad</size>
         <input_file_ref idref="fl-3"/>
      </object_component>
      <object_component id="oc-160">
         <name>.debug_abbrev</name>
         <load_address>0x45e</load_address>
         <run_address>0x45e</run_address>
         <size>0x7a</size>
         <input_file_ref idref="fl-3"/>
      </object_component>
      <object_component id="oc-158">
         <name>.debug_abbrev</name>
         <load_address>0x4d8</load_address>
         <run_address>0x4d8</run_address>
         <size>0x7a</size>
         <input_file_ref idref="fl-3"/>
      </object_component>
      <object_component id="oc-1b5">
         <name>.debug_abbrev</name>
         <load_address>0x552</load_address>
         <run_address>0x552</run_address>
         <size>0x7c</size>
         <input_file_ref idref="fl-3"/>
      </object_component>
      <object_component id="oc-1ae">
         <name>.debug_abbrev</name>
         <load_address>0x5ce</load_address>
         <run_address>0x5ce</run_address>
         <size>0x7c</size>
         <input_file_ref idref="fl-3"/>
      </object_component>
      <object_component id="oc-127">
         <name>.debug_abbrev</name>
         <load_address>0x64a</load_address>
         <run_address>0x64a</run_address>
         <size>0x55</size>
         <input_file_ref idref="fl-4"/>
      </object_component>
      <object_component id="oc-1f">
         <name>.debug_abbrev</name>
         <load_address>0x69f</load_address>
         <run_address>0x69f</run_address>
         <size>0x1f</size>
         <input_file_ref idref="fl-4"/>
      </object_component>
      <object_component id="oc-228">
         <name>.debug_abbrev</name>
         <load_address>0x6be</load_address>
         <run_address>0x6be</run_address>
         <size>0x7e</size>
         <input_file_ref idref="fl-5"/>
      </object_component>
      <object_component id="oc-173">
         <name>.debug_abbrev</name>
         <load_address>0x73c</load_address>
         <run_address>0x73c</run_address>
         <size>0x7a</size>
         <input_file_ref idref="fl-5"/>
      </object_component>
      <object_component id="oc-1a0">
         <name>.debug_abbrev</name>
         <load_address>0x7b6</load_address>
         <run_address>0x7b6</run_address>
         <size>0x71</size>
         <input_file_ref idref="fl-5"/>
      </object_component>
      <object_component id="oc-28b">
         <name>.debug_abbrev</name>
         <load_address>0x827</load_address>
         <run_address>0x827</run_address>
         <size>0x7d</size>
         <input_file_ref idref="fl-a"/>
      </object_component>
      <object_component id="oc-292">
         <name>.debug_abbrev</name>
         <load_address>0x8a4</load_address>
         <run_address>0x8a4</run_address>
         <size>0x27</size>
         <input_file_ref idref="fl-a"/>
      </object_component>
      <object_component id="oc-242">
         <name>.debug_abbrev</name>
         <load_address>0x8cb</load_address>
         <run_address>0x8cb</run_address>
         <size>0x6e</size>
         <input_file_ref idref="fl-a"/>
      </object_component>
      <object_component id="oc-210">
         <name>.debug_abbrev</name>
         <load_address>0x939</load_address>
         <run_address>0x939</run_address>
         <size>0x6c</size>
         <input_file_ref idref="fl-a"/>
      </object_component>
      <object_component id="oc-294">
         <name>.debug_abbrev</name>
         <load_address>0x9a5</load_address>
         <run_address>0x9a5</run_address>
         <size>0x6a</size>
         <input_file_ref idref="fl-a"/>
      </object_component>
      <object_component id="oc-224">
         <name>.debug_abbrev</name>
         <load_address>0xa0f</load_address>
         <run_address>0xa0f</run_address>
         <size>0x7a</size>
         <input_file_ref idref="fl-a"/>
      </object_component>
      <object_component id="oc-295">
         <name>.debug_abbrev</name>
         <load_address>0xa89</load_address>
         <run_address>0xa89</run_address>
         <size>0x6a</size>
         <input_file_ref idref="fl-a"/>
      </object_component>
      <object_component id="oc-249">
         <name>.debug_abbrev</name>
         <load_address>0xaf3</load_address>
         <run_address>0xaf3</run_address>
         <size>0x7a</size>
         <input_file_ref idref="fl-a"/>
      </object_component>
      <object_component id="oc-20e">
         <name>.debug_abbrev</name>
         <load_address>0xb6d</load_address>
         <run_address>0xb6d</run_address>
         <size>0x6c</size>
         <input_file_ref idref="fl-a"/>
      </object_component>
      <object_component id="oc-216">
         <name>.debug_abbrev</name>
         <load_address>0xbd9</load_address>
         <run_address>0xbd9</run_address>
         <size>0x6c</size>
         <input_file_ref idref="fl-a"/>
      </object_component>
      <object_component id="oc-215">
         <name>.debug_abbrev</name>
         <load_address>0xc45</load_address>
         <run_address>0xc45</run_address>
         <size>0x6e</size>
         <input_file_ref idref="fl-a"/>
      </object_component>
      <object_component id="oc-28f">
         <name>.debug_abbrev</name>
         <load_address>0xcb3</load_address>
         <run_address>0xcb3</run_address>
         <size>0x96</size>
         <input_file_ref idref="fl-a"/>
      </object_component>
      <object_component id="oc-23f">
         <name>.debug_abbrev</name>
         <load_address>0xd49</load_address>
         <run_address>0xd49</run_address>
         <size>0x69</size>
         <input_file_ref idref="fl-a"/>
      </object_component>
      <object_component id="oc-238">
         <name>.debug_abbrev</name>
         <load_address>0xdb2</load_address>
         <run_address>0xdb2</run_address>
         <size>0x5c</size>
         <input_file_ref idref="fl-a"/>
      </object_component>
      <object_component id="oc-276">
         <name>.debug_abbrev</name>
         <load_address>0xe0e</load_address>
         <run_address>0xe0e</run_address>
         <size>0x24</size>
         <input_file_ref idref="fl-a"/>
      </object_component>
      <object_component id="oc-1a4">
         <name>.debug_abbrev</name>
         <load_address>0xe32</load_address>
         <run_address>0xe32</run_address>
         <size>0x24</size>
         <input_file_ref idref="fl-a"/>
      </object_component>
      <object_component id="oc-287">
         <name>.debug_abbrev</name>
         <load_address>0xe56</load_address>
         <run_address>0xe56</run_address>
         <size>0x7d</size>
         <input_file_ref idref="fl-b"/>
      </object_component>
      <object_component id="oc-285">
         <name>.debug_abbrev</name>
         <load_address>0xed3</load_address>
         <run_address>0xed3</run_address>
         <size>0x27</size>
         <input_file_ref idref="fl-b"/>
      </object_component>
      <object_component id="oc-289">
         <name>.debug_abbrev</name>
         <load_address>0xefa</load_address>
         <run_address>0xefa</run_address>
         <size>0x6c</size>
         <input_file_ref idref="fl-b"/>
      </object_component>
      <object_component id="oc-28a">
         <name>.debug_abbrev</name>
         <load_address>0xf66</load_address>
         <run_address>0xf66</run_address>
         <size>0x6c</size>
         <input_file_ref idref="fl-b"/>
      </object_component>
      <object_component id="oc-225">
         <name>.debug_abbrev</name>
         <load_address>0xfd2</load_address>
         <run_address>0xfd2</run_address>
         <size>0x7a</size>
         <input_file_ref idref="fl-b"/>
      </object_component>
      <object_component id="oc-230">
         <name>.debug_abbrev</name>
         <load_address>0x104c</load_address>
         <run_address>0x104c</run_address>
         <size>0x7a</size>
         <input_file_ref idref="fl-b"/>
      </object_component>
      <object_component id="oc-20c">
         <name>.debug_abbrev</name>
         <load_address>0x10c6</load_address>
         <run_address>0x10c6</run_address>
         <size>0x7a</size>
         <input_file_ref idref="fl-b"/>
      </object_component>
      <object_component id="oc-1fe">
         <name>.debug_abbrev</name>
         <load_address>0x1140</load_address>
         <run_address>0x1140</run_address>
         <size>0x6c</size>
         <input_file_ref idref="fl-b"/>
      </object_component>
      <object_component id="oc-24a">
         <name>.debug_abbrev</name>
         <load_address>0x11ac</load_address>
         <run_address>0x11ac</run_address>
         <size>0x69</size>
         <input_file_ref idref="fl-d"/>
      </object_component>
      <object_component id="oc-1b6">
         <name>.debug_abbrev</name>
         <load_address>0x1215</load_address>
         <run_address>0x1215</run_address>
         <size>0x6c</size>
         <input_file_ref idref="fl-d"/>
      </object_component>
      <object_component id="oc-234">
         <name>.debug_abbrev</name>
         <load_address>0x1281</load_address>
         <run_address>0x1281</run_address>
         <size>0x6c</size>
         <input_file_ref idref="fl-d"/>
      </object_component>
      <object_component id="oc-232">
         <name>.debug_abbrev</name>
         <load_address>0x12ed</load_address>
         <run_address>0x12ed</run_address>
         <size>0x6c</size>
         <input_file_ref idref="fl-d"/>
      </object_component>
      <object_component id="oc-233">
         <name>.debug_abbrev</name>
         <load_address>0x1359</load_address>
         <run_address>0x1359</run_address>
         <size>0x6c</size>
         <input_file_ref idref="fl-d"/>
      </object_component>
      <object_component id="oc-231">
         <name>.debug_abbrev</name>
         <load_address>0x13c5</load_address>
         <run_address>0x13c5</run_address>
         <size>0x6c</size>
         <input_file_ref idref="fl-d"/>
      </object_component>
      <object_component id="oc-23b">
         <name>.debug_abbrev</name>
         <load_address>0x1431</load_address>
         <run_address>0x1431</run_address>
         <size>0x7d</size>
         <input_file_ref idref="fl-e"/>
      </object_component>
      <object_component id="oc-227">
         <name>.debug_abbrev</name>
         <load_address>0x14ae</load_address>
         <run_address>0x14ae</run_address>
         <size>0x6c</size>
         <input_file_ref idref="fl-e"/>
      </object_component>
      <object_component id="oc-235">
         <name>.debug_abbrev</name>
         <load_address>0x151a</load_address>
         <run_address>0x151a</run_address>
         <size>0x6c</size>
         <input_file_ref idref="fl-e"/>
      </object_component>
      <object_component id="oc-226">
         <name>.debug_abbrev</name>
         <load_address>0x1586</load_address>
         <run_address>0x1586</run_address>
         <size>0x6c</size>
         <input_file_ref idref="fl-e"/>
      </object_component>
      <object_component id="oc-1a1">
         <name>.debug_abbrev</name>
         <load_address>0x15f2</load_address>
         <run_address>0x15f2</run_address>
         <size>0x6e</size>
         <input_file_ref idref="fl-e"/>
      </object_component>
      <object_component id="oc-27f">
         <name>.debug_abbrev</name>
         <load_address>0x1660</load_address>
         <run_address>0x1660</run_address>
         <size>0xbb</size>
         <input_file_ref idref="fl-f"/>
      </object_component>
      <object_component id="oc-279">
         <name>.debug_abbrev</name>
         <load_address>0x171b</load_address>
         <run_address>0x171b</run_address>
         <size>0x27</size>
         <input_file_ref idref="fl-f"/>
      </object_component>
      <object_component id="oc-27b">
         <name>.debug_abbrev</name>
         <load_address>0x1742</load_address>
         <run_address>0x1742</run_address>
         <size>0x27</size>
         <input_file_ref idref="fl-f"/>
      </object_component>
      <object_component id="oc-2a5">
         <name>.debug_abbrev</name>
         <load_address>0x1769</load_address>
         <run_address>0x1769</run_address>
         <size>0x27</size>
         <input_file_ref idref="fl-f"/>
      </object_component>
      <object_component id="oc-27d">
         <name>.debug_abbrev</name>
         <load_address>0x1790</load_address>
         <run_address>0x1790</run_address>
         <size>0x27</size>
[...]
            <object_component_ref idref="oc-216"/>
            <object_component_ref idref="oc-215"/>
            <object_component_ref idref="oc-28f"/>
            <object_component_ref idref="oc-23f"/>
            <object_component_ref idref="oc-238"/>
            <object_component_ref idref="oc-276"/>
            <object_component_ref idref="oc-1a4"/>
            <object_component_ref idref="oc-287"/>
            <object_component_ref idref="oc-285"/>
            <object_component_ref idref="oc-289"/>
            <object_component_ref idref="oc-28a"/>
            <object_component_ref idref="oc-225"/>
            <object_component_ref idref="oc-230"/>
            <object_component_ref idref="oc-20c"/>
            <object_component_ref idref="oc-1fe"/>
            <object_component_ref idref="oc-24a"/>
            <object_component_ref idref="oc-1b6"/>
            <object_component_ref idref="oc-234"/>
            <object_component_ref idref="oc-232"/>
            <object_component_ref idref="oc-233"/>
            <object_component_ref idref="oc-231"/>
            <object_component_ref idref="oc-23b"/>
            <object_component_ref idref="oc-227"/>
            <object_component_ref idref="oc-235"/>
            <object_component_ref idref="oc-226"/>
            <object_component_ref idref="oc-1a1"/>
            <object_component_ref idref="oc-27f"/>
            <object_component_ref idref="oc-279"/>
            <object_component_ref idref="oc-27b"/>
            <object_component_ref idref="oc-2a5"/>
            <object_component_ref idref="oc-27d"/>
            <object_component_ref idref="oc-20d"/>
            <object_component_ref idref="oc-22f"/>
            <object_component_ref idref="oc-211"/>
            <object_component_ref idref="oc-272"/>
            <object_component_ref idref="oc-273"/>
            <object_component_ref idref="oc-1f9"/>
            <object_component_ref idref="oc-282"/>
            <object_component_ref idref="oc-52"/>
            <object_component_ref idref="oc-7c"/>
            <object_component_ref idref="oc-96"/>
            <object_component_ref idref="oc-1c4"/>
            <object_component_ref idref="oc-2f7"/>
         </contents>
      </logical_group>
      <logical_group id="lg-2c1" display="never" color="cyan">
         <name>.debug_str</name>
         <load_address>0x0</load_address>
         <run_address>0x0</run_address>
         <size>0x1c11</size>
         <contents>
            <object_component_ref idref="oc-dd"/>
            <object_component_ref idref="oc-22e"/>
            <object_component_ref idref="oc-1be"/>
            <object_component_ref idref="oc-21d"/>
            <object_component_ref idref="oc-d8"/>
            <object_component_ref idref="oc-1c3"/>
            <object_component_ref idref="oc-e2"/>
            <object_component_ref idref="oc-21"/>
            <object_component_ref idref="oc-291"/>
            <object_component_ref idref="oc-241"/>
            <object_component_ref idref="oc-23a"/>
            <object_component_ref idref="oc-278"/>
            <object_component_ref idref="oc-1a6"/>
            <object_component_ref idref="oc-284"/>
         </contents>
      </logical_group>
      <logical_group id="lg-2c3" display="never" color="cyan">
         <name>.debug_aranges</name>
         <load_address>0x0</load_address>
         <run_address>0x0</run_address>
         <size>0x540</size>
         <contents>
            <object_component_ref idref="oc-b4"/>
            <object_component_ref idref="oc-79"/>
            <object_component_ref idref="oc-a7"/>
            <object_component_ref idref="oc-a0"/>
            <object_component_ref idref="oc-ca"/>
            <object_component_ref idref="oc-c6"/>
            <object_component_ref idref="oc-9a"/>
            <object_component_ref idref="oc-ad"/>
            <object_component_ref idref="oc-b9"/>
            <object_component_ref idref="oc-1a9"/>
            <object_component_ref idref="oc-141"/>
            <object_component_ref idref="oc-21f"/>
            <object_component_ref idref="oc-15b"/>
            <object_component_ref idref="oc-244"/>
            <object_component_ref idref="oc-1b0"/>
            <object_component_ref idref="oc-13b"/>
            <object_component_ref idref="oc-153"/>
            <object_component_ref idref="oc-14d"/>
            <object_component_ref idref="oc-203"/>
            <object_component_ref idref="oc-209"/>
            <object_component_ref idref="oc-164"/>
            <object_component_ref idref="oc-17e"/>
            <object_component_ref idref="oc-131"/>
            <object_component_ref idref="oc-12b"/>
            <object_component_ref idref="oc-ce"/>
            <object_component_ref idref="oc-194"/>
            <object_component_ref idref="oc-188"/>
            <object_component_ref idref="oc-18f"/>
            <object_component_ref idref="oc-184"/>
            <object_component_ref idref="oc-16f"/>
            <object_component_ref idref="oc-19d"/>
            <object_component_ref idref="oc-16a"/>
            <object_component_ref idref="oc-bf"/>
            <object_component_ref idref="oc-137"/>
            <object_component_ref idref="oc-178"/>
            <object_component_ref idref="oc-148"/>
            <object_component_ref idref="oc-1e6"/>
            <object_component_ref idref="oc-1ec"/>
            <object_component_ref idref="oc-123"/>
            <object_component_ref idref="oc-3e"/>
            <object_component_ref idref="oc-73"/>
            <object_component_ref idref="oc-e5"/>
         </contents>
      </logical_group>
      <logical_group id="lg-2c5" display="never" color="cyan">
         <name>.debug_pubnames</name>
         <load_address>0x0</load_address>
         <run_address>0x0</run_address>
         <size>0x739</size>
         <contents>
            <object_component_ref idref="oc-1b9"/>
            <object_component_ref idref="oc-b3"/>
            <object_component_ref idref="oc-78"/>
            <object_component_ref idref="oc-a8"/>
            <object_component_ref idref="oc-9f"/>
            <object_component_ref idref="oc-cb"/>
            <object_component_ref idref="oc-c5"/>
            <object_component_ref idref="oc-99"/>
            <object_component_ref idref="oc-ac"/>
            <object_component_ref idref="oc-b8"/>
            <object_component_ref idref="oc-214"/>
            <object_component_ref idref="oc-1ad"/>
            <object_component_ref idref="oc-145"/>
            <object_component_ref idref="oc-223"/>
            <object_component_ref idref="oc-15f"/>
            <object_component_ref idref="oc-248"/>
            <object_component_ref idref="oc-1b4"/>
            <object_component_ref idref="oc-13d"/>
            <object_component_ref idref="oc-156"/>
            <object_component_ref idref="oc-150"/>
            <object_component_ref idref="oc-1fd"/>
            <object_component_ref idref="oc-204"/>
            <object_component_ref idref="oc-20a"/>
            <object_component_ref idref="oc-165"/>
            <object_component_ref idref="oc-17f"/>
            <object_component_ref idref="oc-132"/>
            <object_component_ref idref="oc-12c"/>
            <object_component_ref idref="oc-d0"/>
            <object_component_ref idref="oc-196"/>
            <object_component_ref idref="oc-18a"/>
            <object_component_ref idref="oc-190"/>
            <object_component_ref idref="oc-183"/>
            <object_component_ref idref="oc-170"/>
            <object_component_ref idref="oc-19c"/>
            <object_component_ref idref="oc-16b"/>
            <object_component_ref idref="oc-be"/>
            <object_component_ref idref="oc-1f2"/>
            <object_component_ref idref="oc-1f5"/>
            <object_component_ref idref="oc-271"/>
            <object_component_ref idref="oc-1f8"/>
            <object_component_ref idref="oc-138"/>
            <object_component_ref idref="oc-179"/>
            <object_component_ref idref="oc-149"/>
            <object_component_ref idref="oc-1e7"/>
            <object_component_ref idref="oc-1ed"/>
            <object_component_ref idref="oc-124"/>
            <object_component_ref idref="oc-16"/>
            <object_component_ref idref="oc-3d"/>
            <object_component_ref idref="oc-72"/>
            <object_component_ref idref="oc-e6"/>
         </contents>
      </logical_group>
      <logical_group id="lg-2c7" display="never" color="cyan">
         <name>.debug_pubtypes</name>
         <load_address>0x0</load_address>
         <run_address>0x0</run_address>
         <size>0x10eb</size>
         <contents>
            <object_component_ref idref="oc-da"/>
            <object_component_ref idref="oc-22b"/>
            <object_component_ref idref="oc-1bb"/>
            <object_component_ref idref="oc-21a"/>
            <object_component_ref idref="oc-d5"/>
            <object_component_ref idref="oc-1c0"/>
            <object_component_ref idref="oc-df"/>
            <object_component_ref idref="oc-1e"/>
            <object_component_ref idref="oc-28e"/>
            <object_component_ref idref="oc-23e"/>
            <object_component_ref idref="oc-237"/>
            <object_component_ref idref="oc-275"/>
            <object_component_ref idref="oc-1a3"/>
         </contents>
      </logical_group>
      <logical_group id="lg-2cb" display="no" color="cyan">
         <name>.stack</name>
         <run_address>0x1210</run_address>
         <size>0x200</size>
         <contents>
            <object_component_ref idref="oc-14"/>
            <object_component_ref idref="oc-2d5"/>
         </contents>
      </logical_group>
      <logical_group id="lg-2d4" display="no" color="cyan">
         <name>Veneer$$CMSE</name>
         <run_address>0x0</run_address>
         <size>0x0</size>
         <contents>
         </contents>
      </logical_group>
      <load_segment id="lg-2fb" display="no" color="cyan">
         <name>SEGMENT_0</name>
         <load_address>0x20</load_address>
         <run_address>0x20</run_address>
         <size>0x11ec</size>
         <flags>0x5</flags>
         <contents>
            <logical_group_ref idref="lg-2a7"/>
            <logical_group_ref idref="lg-2a8"/>
         </contents>
      </load_segment>
      <load_segment id="lg-2fc" display="no" color="cyan">
         <name>SEGMENT_1</name>
         <run_address>0x1210</run_address>
         <size>0x200</size>
         <flags>0x6</flags>
         <contents>
            <logical_group_ref idref="lg-2cb"/>
         </contents>
      </load_segment>
   </logical_group_list>
   <placement_map>
      <memory_area display="yes" color="green">
         <name>RAM</name>
         <page_id>0x0</page_id>
         <origin>0x20</origin>
         <length>0xffffffe0</length>
         <used_space>0x13ea</used_space>
         <unused_space>0xffffebf6</unused_space>
         <attributes>RWIX</attributes>
         <usage_details>
            <allocated_space>
               <start_address>0x20</start_address>
               <size>0x0</size>
               <logical_group_ref idref="lg-2af"/>
            </allocated_space>
            <allocated_space>
               <start_address>0x20</start_address>
               <size>0xee6</size>
               <logical_group_ref idref="lg-2a7"/>
            </allocated_space>
            <available_space>
               <start_address>0xf06</start_address>
               <size>0x2</size>
            </available_space>
            <allocated_space>
               <start_address>0xf08</start_address>
               <size>0x304</size>
               <logical_group_ref idref="lg-2a8"/>
            </allocated_space>
            <available_space>
               <start_address>0x120c</start_address>
               <size>0x4</size>
            </available_space>
            <allocated_space>
               <start_address>0x1210</start_address>
               <size>0x200</size>
               <logical_group_ref idref="lg-2cb"/>
            </allocated_space>
            <available_space>
               <start_address>0x1410</start_address>
               <size>0xffffebf0</size>
            </available_space>
         </usage_details>
      </memory_area>
   </placement_map>
   <symbol_table>
      <symbol id="sm-1">
         <name>__start___llvm_prf_cnts</name>
         <value>0x20</value>
      </symbol>
      <symbol id="sm-2">
         <name>__stop___llvm_prf_cnts</name>
         <value>0x20</value>
      </symbol>
      <symbol id="sm-3">
         <name>binit</name>
         <value>0xffffffff</value>
      </symbol>
      <symbol id="sm-4">
         <name>__binit__</name>
         <value>0xffffffff</value>
      </symbol>
      <symbol id="sm-5">
         <name>__STACK_SIZE</name>
         <value>0x200</value>
      </symbol>
      <symbol id="sm-6">
         <name>__STACK_END</name>
         <value>0x1410</value>
      </symbol>
      <symbol id="sm-7">
         <name>__c_args__</name>
         <value>0xffffffff</value>
      </symbol>
      <symbol id="sm-8">
         <name>__TI_pprof_out_hndl</name>
         <value>0xffffffff</value>
      </symbol>
      <symbol id="sm-9">
         <name>__TI_prof_data_start</name>
         <value>0xffffffff</value>
      </symbol>
      <symbol id="sm-a">
         <name>__TI_prof_data_size</name>
         <value>0xffffffff</value>
      </symbol>
      <symbol id="sm-b">
         <name>__TI_static_base__</name>
         <value>0x20</value>
      </symbol>
      <symbol id="sm-60">
         <name>main</name>
         <value>0x96d</value>
         <object_component_ref idref="oc-75"/>
      </symbol>
      <symbol id="sm-61">
         <name>PWM_Init</name>
         <value>0xa09</value>
         <object_component_ref idref="oc-af"/>
      </symbol>
      <symbol id="sm-9b">
         <name>MIL_CAN_CheckMail</name>
         <value>0xdaf</value>
         <object_component_ref idref="oc-c1"/>
      </symbol>
      <symbol id="sm-9c">
         <name>MIL_InitMailBox</name>
         <value>0xcd9</value>
         <object_component_ref idref="oc-a3"/>
      </symbol>
      <symbol id="sm-9d">
         <name>MIL_InitCAN</name>
         <value>0x89d</value>
         <object_component_ref idref="oc-9d"/>
      </symbol>
      <symbol id="sm-9e">
         <name>MIL_CAN_GetMail</name>
         <value>0xca9</value>
         <object_component_ref idref="oc-c7"/>
      </symbol>
      <symbol id="sm-af">
         <name>MIL_ClkSetInt_16MHz</name>
         <value>0xead</value>
         <object_component_ref idref="oc-97"/>
      </symbol>
      <symbol id="sm-e9">
         <name>MIL_SPIDataPut</name>
         <value>0xbc1</value>
         <object_component_ref idref="oc-b5"/>
      </symbol>
      <symbol id="sm-ea">
         <name>MIL_SPI_Init</name>
         <value>0x221</value>
         <object_component_ref idref="oc-a9"/>
      </symbol>
      <symbol id="sm-18c">
         <name>CANMessageGet</name>
         <value>0x785</value>
         <object_component_ref idref="oc-1af"/>
      </symbol>
      <symbol id="sm-18d">
         <name>CANBitRateSet</name>
         <value>0xa81</value>
         <object_component_ref idref="oc-14c"/>
      </symbol>
      <symbol id="sm-18e">
         <name>CANEnable</name>
         <value>0xed9</value>
         <object_component_ref idref="oc-152"/>
      </symbol>
      <symbol id="sm-18f">
         <name>CANStatusGet</name>
         <value>0xb81</value>
         <object_component_ref idref="oc-1a8"/>
      </symbol>
      <symbol id="sm-190">
         <name>CANMessageSet</name>
         <value>0x53d</value>
         <object_component_ref idref="oc-15a"/>
      </symbol>
      <symbol id="sm-191">
         <name>CANInit</name>
         <value>0xc39</value>
         <object_component_ref idref="oc-13a"/>
      </symbol>
      <symbol id="sm-192">
         <name>CANRetrySet</name>
         <value>0xe89</value>
         <object_component_ref idref="oc-140"/>
      </symbol>
      <symbol id="sm-1dc">
         <name>GPIOPinTypePWM</name>
         <value>0xe49</value>
         <object_component_ref idref="oc-17b"/>
      </symbol>
      <symbol id="sm-1dd">
         <name>GPIOPinConfigure</name>
         <value>0xaed</value>
         <object_component_ref idref="oc-128"/>
      </symbol>
      <symbol id="sm-1de">
         <name>GPIODirModeSet</name>
         <value>0xd09</value>
         <object_component_ref idref="oc-200"/>
      </symbol>
      <symbol id="sm-1df">
         <name>GPIOPadConfigSet</name>
         <value>0x3d1</value>
         <object_component_ref idref="oc-206"/>
      </symbol>
      <symbol id="sm-1e0">
         <name>GPIOPinTypeSSI</name>
         <value>0xe5f</value>
         <object_component_ref idref="oc-161"/>
      </symbol>
      <symbol id="sm-1e1">
         <name>GPIOPinTypeCAN</name>
         <value>0xe33</value>
         <object_component_ref idref="oc-12e"/>
      </symbol>
      <symbol id="sm-20f">
         <name>PWMGenPeriodSet</name>
         <value>0xebd</value>
         <object_component_ref idref="oc-187"/>
      </symbol>
      <symbol id="sm-210">
         <name>PWMPulseWidthSet</name>
         <value>0xe15</value>
         <object_component_ref idref="oc-cd"/>
      </symbol>
      <symbol id="sm-211">
         <name>PWMOutputState</name>
         <value>0xe9b</value>
         <object_component_ref idref="oc-193"/>
      </symbol>
      <symbol id="sm-212">
         <name>PWMGenEnable</name>
         <value>0xecd</value>
         <object_component_ref idref="oc-18d"/>
      </symbol>
      <symbol id="sm-213">
         <name>PWMGenConfigure</name>
         <value>0xdd1</value>
         <object_component_ref idref="oc-181"/>
      </symbol>
      <symbol id="sm-23a">
         <name>SSIDataPut</name>
         <value>0xee3</value>
         <object_component_ref idref="oc-19a"/>
      </symbol>
      <symbol id="sm-23b">
         <name>SSIConfigSetExpClk</name>
         <value>0xbfd</value>
         <object_component_ref idref="oc-167"/>
      </symbol>
      <symbol id="sm-23c">
         <name>SSIEnable</name>
         <value>0xeed</value>
         <object_component_ref idref="oc-16d"/>
      </symbol>
      <symbol id="sm-23d">
         <name>SSIBusy</name>
         <value>0xef7</value>
         <object_component_ref idref="oc-bb"/>
      </symbol>
      <symbol id="sm-2d6">
         <name>SysCtlPeripheralEnable</name>
         <value>0xc75</value>
         <object_component_ref idref="oc-134"/>
      </symbol>
      <symbol id="sm-2d7">
         <name>SysCtlClockGet</name>
         <value>0x66d</value>
         <object_component_ref idref="oc-146"/>
      </symbol>
      <symbol id="sm-2d8">
         <name>SysCtlPWMClockSet</name>
         <value>0xe75</value>
         <object_component_ref idref="oc-175"/>
      </symbol>
      <symbol id="sm-2d9">
         <name>SysCtlClockFreqSet</name>
         <value>0x21</value>
         <object_component_ref idref="oc-121"/>
      </symbol>
      <symbol id="sm-2ef">
         <name>_c_int00_noinit_noargs</name>
         <value>0xd35</value>
         <object_component_ref idref="oc-3a"/>
      </symbol>
      <symbol id="sm-2f0">
         <name>__stack</name>
         <value>0x1210</value>
         <object_component_ref idref="oc-14"/>
      </symbol>
      <symbol id="sm-2fd">
         <name>_system_pre_init</name>
         <value>0xeff</value>
         <object_component_ref idref="oc-6f"/>
      </symbol>
      <symbol id="sm-309">
         <name>C$$EXIT</name>
         <value>0xf03</value>
         <object_component_ref idref="oc-e3"/>
      </symbol>
      <symbol id="sm-30a">
         <name>abort</name>
         <value>0xf03</value>
         <object_component_ref idref="oc-e3"/>
      </symbol>
      <symbol id="sm-30d">
         <name>__mpu_init</name>
         <value>0x0</value>
      </symbol>
   </symbol_table>
   <title>Link successful</title>
</link_info>
